/opt/venv/lib/python3.12/site-packages/torch/cuda/__init__.py:63: FutureWarning: The pynvml package is deprecated. Please install nvidia-ml-py instead. If you did not install pynvml directly, please report this to the maintainers of the package that installed pynvml for you.
  import pynvml  # type: ignore[import]
{
  "implementation": "sparkinfer.attention.nsa_indexer",
  "results": [
    {
      "captured_vs_reference": {
        "a_count": 2048,
        "b_count": 2048,
        "intersection": 2048,
        "jaccard": 1.0,
        "set_exact": true,
        "union": 2048
      },
      "execution": {
        "cuda": "13.2",
        "device": "NVIDIA RTX PRO 6000 Blackwell Workstation Edition",
        "implementation": "sparkinfer.attention.nsa_indexer",
        "kernel_seconds_including_first_compile": 12.059780150999359,
        "python": "3.12.3",
        "route": "packed_contiguous",
        "torch": "2.12.0+cu132"
      },
      "input": {
        "cache_sha256": "08b5ed6a7623577b229adabe19bf5dad6cc9a4dd04243af59c00e48deb68ff87",
        "page_width": 1343,
        "production_rows": 2735,
        "q_sha256": "3f31e2bf1e58cba03e0ae58f7c81a516b10184ea8176fe2899194e32aa1f399b",
        "replay_rows": 2735,
        "seq_len": 85932,
        "topk": 2048,
        "weights_sha256": "a48b140e01b20efa47c7988187b69a7be6dcb59dbe6b234825f5702f021b5ba6"
      },
      "rank": 0,
      "reference": {
        "indices_sha256": "e1a6a4011eebcfa6356e583630ffb02afa66aea060bd59d8afdd6f426a4d5ba4",
        "kth_score": 5.328878879547119,
        "scores_sha256": "b101d90f6d625ec3edd6a6470c4b3e70f4d43857fd431c609002077f6ad1b58a",
        "strictly_better_omitted": 187
      },
      "replay": {
        "indices_sha256": "7fba8543c40c18096fb56deab46e7e1bb8e8f4df38ccd92c759d6cc4cb489f37",
        "min_score": 5.2987470626831055,
        "score_vs_reference_max_abs": 9.5367431640625e-07,
        "score_vs_reference_mean_abs": 2.7404166758060455e-07,
        "scores_sha256": "6020873e82b78387f1c7e553c05f189d415efd4871825857da15233700012a53",
        "valid_indices": 2048
      },
      "replay_vs_captured": {
        "a_count": 2048,
        "b_count": 2048,
        "intersection": 1882,
        "jaccard": 0.8500451671183379,
        "set_exact": false,
        "union": 2214
      },
      "replay_vs_reference": {
        "a_count": 2048,
        "b_count": 2048,
        "intersection": 1882,
        "jaccard": 0.8500451671183379,
        "set_exact": false,
        "union": 2214
      },
      "source_trace": "/traces/tp0/layer00-indexer-local.pt",
      "tensor_output": "/out/tp0-replay.pt"
    },
    {
      "captured_vs_reference": {
        "a_count": 2048,
        "b_count": 2048,
        "intersection": 2048,
        "jaccard": 1.0,
        "set_exact": true,
        "union": 2048
      },
      "execution": {
        "cuda": "13.2",
        "device": "NVIDIA RTX PRO 6000 Blackwell Workstation Edition",
        "implementation": "sparkinfer.attention.nsa_indexer",
        "kernel_seconds_including_first_compile": 0.006175221000376041,
        "python": "3.12.3",
        "route": "packed_contiguous",
        "torch": "2.12.0+cu132"
      },
      "input": {
        "cache_sha256": "00a74d6e795f84a9443be4994aae71a5d45258ca71b08466a59d779b328abef2",
        "page_width": 1343,
        "production_rows": 2735,
        "q_sha256": "3f31e2bf1e58cba03e0ae58f7c81a516b10184ea8176fe2899194e32aa1f399b",
        "replay_rows": 2735,
        "seq_len": 85932,
        "topk": 2048,
        "weights_sha256": "a48b140e01b20efa47c7988187b69a7be6dcb59dbe6b234825f5702f021b5ba6"
      },
      "rank": 1,
      "reference": {
        "indices_sha256": "3a180bc07b42ae6f54f312053d1317868a7ef17ef9237218689f3185beb5c83c",
        "kth_score": 5.326171875,
        "scores_sha256": "c00af72961c70971da5f73ce48584b62089f6584873b081c37d57bb699bbfb62",
        "strictly_better_omitted": 164
      },
      "replay": {
        "indices_sha256": "bc7cab73f2d86d6228e6f0d64fe81bf907bdc4e6859d58d24e5fe3b8c46220c8",
        "min_score": 5.297219753265381,
        "score_vs_reference_max_abs": 1.430511474609375e-06,
        "score_vs_reference_mean_abs": 2.6240013539791107e-07,
        "scores_sha256": "846cc3bf3fef928179999df3ebcdec1f09281dcc612a291502715f875e308095",
        "valid_indices": 2048
      },
      "replay_vs_captured": {
        "a_count": 2048,
        "b_count": 2048,
        "intersection": 1895,
        "jaccard": 0.8609722853248524,
        "set_exact": false,
        "union": 2201
      },
      "replay_vs_reference": {
        "a_count": 2048,
        "b_count": 2048,
        "intersection": 1895,
        "jaccard": 0.8609722853248524,
        "set_exact": false,
        "union": 2201
      },
      "source_trace": "/traces/tp1/layer00-indexer-local.pt",
      "tensor_output": "/out/tp1-replay.pt"
    },
    {
      "captured_vs_reference": {
        "a_count": 2048,
        "b_count": 2048,
        "intersection": 2048,
        "jaccard": 1.0,
        "set_exact": true,
        "union": 2048
      },
      "execution": {
        "cuda": "13.2",
        "device": "NVIDIA RTX PRO 6000 Blackwell Workstation Edition",
        "implementation": "sparkinfer.attention.nsa_indexer",
        "kernel_seconds_including_first_compile": 0.005771170999651076,
        "python": "3.12.3",
        "route": "packed_contiguous",
        "torch": "2.12.0+cu132"
      },
      "input": {
        "cache_sha256": "16ca157900cad6e6cc6423582a2cfb41161c10e2dd3f08d6844868ed7f208ba6",
        "page_width": 1343,
        "production_rows": 2735,
        "q_sha256": "3f31e2bf1e58cba03e0ae58f7c81a516b10184ea8176fe2899194e32aa1f399b",
        "replay_rows": 2735,
        "seq_len": 85932,
        "topk": 2048,
        "weights_sha256": "a48b140e01b20efa47c7988187b69a7be6dcb59dbe6b234825f5702f021b5ba6"
      },
      "rank": 2,
      "reference": {
        "indices_sha256": "42b718d13233c0213549e9ccde47e17cc6338f5efa10270a3eefa46c9bf72898",
        "kth_score": 5.329695224761963,
        "scores_sha256": "94e7ee873b4060e5d2c96abb24948338ca3b754950b098c0cb5f1a2f5283a8d1",
        "strictly_better_omitted": 201
      },
      "replay": {
        "indices_sha256": "91f145a581831f3b71637ca8628cbb4db2c31b639ad858e77b5d7ccb4e744cb2",
        "min_score": 5.296735763549805,
        "score_vs_reference_max_abs": 1.430511474609375e-06,
        "score_vs_reference_mean_abs": 2.637971192598343e-07,
        "scores_sha256": "a5925abb031a7d6c0c6f64ff23a54e31df32ec75b63e0e1f15c4e0bb88fc95c9",
        "valid_indices": 2048
      },
      "replay_vs_captured": {
        "a_count": 2048,
        "b_count": 2048,
        "intersection": 1868,
        "jaccard": 0.8384201077199281,
        "set_exact": false,
        "union": 2228
      },
      "replay_vs_reference": {
        "a_count": 2048,
        "b_count": 2048,
        "intersection": 1868,
        "jaccard": 0.8384201077199281,
        "set_exact": false,
        "union": 2228
      },
      "source_trace": "/traces/tp2/layer00-indexer-local.pt",
      "tensor_output": "/out/tp2-replay.pt"
    },
    {
      "captured_vs_reference": {
        "a_count": 2048,
        "b_count": 2048,
        "intersection": 2048,
        "jaccard": 1.0,
        "set_exact": true,
        "union": 2048
      },
      "execution": {
        "cuda": "13.2",
        "device": "NVIDIA RTX PRO 6000 Blackwell Workstation Edition",
        "implementation": "sparkinfer.attention.nsa_indexer",
        "kernel_seconds_including_first_compile": 0.0057438419989921385,
        "python": "3.12.3",
        "route": "packed_contiguous",
        "torch": "2.12.0+cu132"
      },
      "input": {
        "cache_sha256": "e9a0145e78ffc9ce691a21eb42af0087e9595863a3b68c9b567cd82b07777771",
        "page_width": 1343,
        "production_rows": 2735,
        "q_sha256": "3f31e2bf1e58cba03e0ae58f7c81a516b10184ea8176fe2899194e32aa1f399b",
        "replay_rows": 2735,
        "seq_len": 85931,
        "topk": 2048,
        "weights_sha256": "a48b140e01b20efa47c7988187b69a7be6dcb59dbe6b234825f5702f021b5ba6"
      },
      "rank": 3,
      "reference": {
        "indices_sha256": "e4de994da1473a9611b0a935c907cb7cd79cd1434751c4cd30388d3fefc38372",
        "kth_score": 5.336121559143066,
        "scores_sha256": "fbb1d8903e188965253b1b0e608af69550946f4d349fc7c0e34103315f2da22f",
        "strictly_better_omitted": 172
      },
      "replay": {
        "indices_sha256": "1d4a48de8d8d61bbd1019cbe07b8cd5bd9fd54b1ae56489e8297924fe65b8e32",
        "min_score": 5.304496765136719,
        "score_vs_reference_max_abs": 1.430511474609375e-06,
        "score_vs_reference_mean_abs": 2.691522240638733e-07,
        "scores_sha256": "de045484584f44f080e7642ae43e1396062573e31eef4d3622777d19445c1216",
        "valid_indices": 2048
      },
      "replay_vs_captured": {
        "a_count": 2048,
        "b_count": 2048,
        "intersection": 1889,
        "jaccard": 0.8559130040779338,
        "set_exact": false,
        "union": 2207
      },
      "replay_vs_reference": {
        "a_count": 2048,
        "b_count": 2048,
        "intersection": 1889,
        "jaccard": 0.8559130040779338,
        "set_exact": false,
        "union": 2207
      },
      "source_trace": "/traces/tp3/layer00-indexer-local.pt",
      "tensor_output": "/out/tp3-replay.pt"
    }
  ],
  "schema": "v19-v20-learned-paged-indexer-replay-v1",
  "trace_root": "/traces"
}
