/opt/venv/lib/python3.12/site-packages/torch/cuda/__init__.py:63: FutureWarning: The pynvml package is deprecated. Please install nvidia-ml-py instead. If you did not install pynvml directly, please report this to the maintainers of the package that installed pynvml for you.
  import pynvml  # type: ignore[import]
{
  "input": {
    "block_k": 256,
    "block_q": 32,
    "seq_len": 85932,
    "supertile_k": 131072,
    "topk": 2048
  },
  "pass": true,
  "policy": {
    "candidate_pool_count": 4096,
    "candidate_pool_positions": {
      "count": 4096,
      "first_half": 3497,
      "last_quarter": 147,
      "max": 70202,
      "median": 19002.0,
      "min": 14
    },
    "strictly_higher_count": 189,
    "threshold_bin": 197,
    "threshold_bucket_count": 4506,
    "threshold_bucket_needed": 1859
  },
  "repeats": [
    {
      "repetition": 0,
      "vs_cpu_policy": {
        "a_count": 2048,
        "b_count": 2048,
        "intersection": 2048,
        "jaccard": 1.0,
        "set_exact": true,
        "union": 2048
      },
      "vs_first": {
        "a_count": 2048,
        "b_count": 2048,
        "intersection": 2048,
        "jaccard": 1.0,
        "set_exact": true,
        "union": 2048
      }
    },
    {
      "repetition": 1,
      "vs_cpu_policy": {
        "a_count": 2048,
        "b_count": 2048,
        "intersection": 2048,
        "jaccard": 1.0,
        "set_exact": true,
        "union": 2048
      },
      "vs_first": {
        "a_count": 2048,
        "b_count": 2048,
        "intersection": 2048,
        "jaccard": 1.0,
        "set_exact": true,
        "union": 2048
      }
    },
    {
      "repetition": 2,
      "vs_cpu_policy": {
        "a_count": 2048,
        "b_count": 2048,
        "intersection": 2048,
        "jaccard": 1.0,
        "set_exact": true,
        "union": 2048
      },
      "vs_first": {
        "a_count": 2048,
        "b_count": 2048,
        "intersection": 2048,
        "jaccard": 1.0,
        "set_exact": true,
        "union": 2048
      }
    },
    {
      "repetition": 3,
      "vs_cpu_policy": {
        "a_count": 2048,
        "b_count": 2048,
        "intersection": 2048,
        "jaccard": 1.0,
        "set_exact": true,
        "union": 2048
      },
      "vs_first": {
        "a_count": 2048,
        "b_count": 2048,
        "intersection": 2048,
        "jaccard": 1.0,
        "set_exact": true,
        "union": 2048
      }
    }
  ],
  "schema": "v20-oldest-boundary-selector-determinism-v1",
  "trace": "/traces/tp0/layer00-indexer-local.pt"
}
