.gitattributes: FAILED
LICENSE: OK
README.md: FAILED
calibration_manifest.json: OK
chat_template.jinja: OK
config.json: OK
generation_config.json: OK
model-embed.safetensors: OK
model-head.safetensors: OK
model-layer-000.safetensors: OK
model-layer-001.safetensors: OK
model-layer-002.safetensors: OK
model-layer-003.safetensors: OK
model-layer-004.safetensors: OK
model-layer-005.safetensors: OK
model-layer-006.safetensors: OK
model-layer-007.safetensors: OK
model-layer-008.safetensors: OK
model-layer-009.safetensors: OK
model-layer-010.safetensors: OK
model-layer-011.safetensors: OK
model-layer-012.safetensors: OK
model-layer-013.safetensors: OK
model-layer-014.safetensors: OK
model-layer-015.safetensors: OK
model-layer-016.safetensors: OK
model-layer-017.safetensors: OK
model-layer-018.safetensors: OK
model-layer-019.safetensors: OK
model-layer-020.safetensors: OK
model-layer-021.safetensors: OK
model-layer-022.safetensors: OK
model-layer-023.safetensors: OK
model-layer-024.safetensors: OK
model-layer-025.safetensors: OK
model-layer-026.safetensors: OK
model-layer-027.safetensors: OK
model-layer-028.safetensors: OK
model-layer-029.safetensors: OK
model-layer-030.safetensors: OK
model-layer-031.safetensors: OK
model-layer-032.safetensors: OK
model-layer-033.safetensors: OK
model-layer-034.safetensors: OK
model-layer-035.safetensors: OK
model-layer-036.safetensors: OK
model-layer-037.safetensors: OK
model-layer-038.safetensors: OK
model-layer-039.safetensors: OK
model-layer-040.safetensors: OK
model-layer-041.safetensors: OK
model-layer-042.safetensors: OK
model-layer-043.safetensors: OK
model-layer-044.safetensors: OK
model-layer-045.safetensors: OK
model-layer-046.safetensors: OK
model-layer-047.safetensors: OK
model-layer-048.safetensors: OK
model-layer-049.safetensors: OK
model-layer-050.safetensors: OK
model-layer-051.safetensors: OK
model-layer-052.safetensors: OK
model-layer-053.safetensors: OK
model-layer-054.safetensors: OK
model-layer-055.safetensors: OK
model-layer-056.safetensors: OK
model-layer-057.safetensors: OK
model-layer-058.safetensors: OK
model-layer-059.safetensors: OK
model-layer-060.safetensors: OK
model-layer-061.safetensors: OK
model-layer-062.safetensors: OK
model-layer-063.safetensors: OK
model-layer-064.safetensors: OK
model-layer-065.safetensors: OK
model-layer-066.safetensors: OK
model-layer-067.safetensors: OK
model-layer-068.safetensors: OK
model-layer-069.safetensors: OK
model-layer-070.safetensors: OK
model-layer-071.safetensors: OK
model-layer-072.safetensors: OK
model-layer-073.safetensors: OK
model-layer-074.safetensors: OK
model-layer-075.safetensors: OK
model-layer-076.safetensors: OK
model-layer-077.safetensors: OK
model-layer-078.safetensors: OK
model.safetensors.index.json: OK
tier_bitmap.json: OK
tokenizer.json: OK
tokenizer_config.json: OK
sha256sum: WARNING: 2 computed checksums did NOT match
